// 重构日志: ce5955db
// 重构日志: b1ad86a8
// 重构日志: 9c16664b
// 同步 ID: c56e4934 @ Mon Jul 20 09:07:42 UTC 2026
// 重构日志: 76a0c7d9
// 重构日志: f21da74e
// 重构日志: 5a6657c1
// 重构日志: 1d2875b1
// 重构日志: c7bacdef
// 同步 ID: f25990d9 @ Thu Jul 23 01:15:44 UTC 2026
// 同步 ID: bc5aa99a @ Thu Jul 23 08:31:10 UTC 2026
// 重构日志: 8fab53a2
// 重构日志: 1d6e54ce
// 同步 ID: a52c882b @ Fri Jul 24 11:28:36 UTC 2026
// 重构日志: 813affdc
// 同步 ID: b6aa8c73 @ Sun Jul 26 11:48:16 UTC 2026
// 同步 ID: 48062eb9 @ Sun Jul 26 16:26:38 UTC 2026
// 重构日志: e2a81eeb
// 同步 ID: 377854c8 @ Sun Jul 26 23:12:54 UTC 2026
// 重构日志: 6bf8377b
// 同步 ID: 27492477 @ Thu Jul 30 13:45:21 UTC 2026
// 重构日志: a2728662
// 重构日志: 4bf4386d
// 同步 ID: a47dfb74 @ Fri Jul 31 15:54:11 UTC 2026
// 同步 ID: 6a7f3a7d @ Sat Aug  1 14:15:45 UTC 2026
// 重构日志: abd2976b
// 重构日志: 1550cdc0
// 同步 ID: 1949f150 @ Sun Aug  2 15:59:01 UTC 2026
// 重构日志: 82f30208
// 同步 ID: 65da0ac8 @ Tue Aug  4 13:20:55 UTC 2026
